// Vitest Snapshot v1, https://vitest.dev/guide/snapshot.html

exports[`Button > matches snapshot 1`] = `
<div>
  <button
    class="inline-flex items-center justify-center rounded-sm bg-orange-400 px-4 py-1.5 text-base leading-6 font-medium text-slate-900 transition-colors duration-150 select-none hover:bg-orange-500 focus-visible:bg-orange-600 active:bg-orange-600"
  >
    This is a button
  </button>
</div>
`;
